[www.accenture.com/us-en.html]
[backblue.gif]
[fade.gif]
[index.html]
[www.accenture.com/etc.clientlibs/clientlibs/granite/jquery.lc-7842899024219bcbdb5e72c946870b79-lc.min.js]
[www.accenture.com/etc.clientlibs/clientlibs/granite/utils.lc-e7bf340a353e643d198b25d0c8ccce47-lc.min.js]
[www.accenture.com/etc.clientlibs/clientlibs/granite/jquery/granite.lc-543d214c88dfa6f4a3233b630c82d875-lc.min.js]
[www.accenture.com/etc.clientlibs/foundation/clientlibs/jquery.lc-dd9b395c741ce2784096e26619e14910-lc.min.js]
[www.accenture.com/etc.clientlibs/cio-sites/clientlibs/clientlib-rad/resources/fonts/graphik-medium-web.woff2]
[www.accenture.com/etc.clientlibs/cio-sites/clientlibs/clientlib-rad/resources/fonts/graphik-regular-web.woff2]
[www.accenture.com/apps/cio-sites/clientlibs/onetrust/ot-s/scripttemplates/otSDKStub.js]
[www.accenture.com/apps/cio-sites/clientlibs/onetrust/ot-p/scripttemplates/otSDKStub.js]
[www.accenture.com/us-en/insights/voices.html]
[www.accenture.com/us-en/insights/5g-index.html]
[www.accenture.com/us-en/insights/artificial-intelligence-summary-index.html]
[www.accenture.com/us-en/insights/blockchain-index.html]
[www.accenture.com/us-en/insights/cloud-insights.html]
[www.accenture.com/us-en/insights/song/customer-experience-index.html]
[www.accenture.com/us-en/insights/cyber-security-index.html]
[www.accenture.com/us-en/insights/industry-x-index.html]
[www.accenture.com/us-en/insights/digital-transformation-index.html]
[www.accenture.com/us-en/insights/cloud/edge-computing-index.html]
[www.accenture.com/us-en/insightsnew/future-workforce-index.html]
[www.accenture.com/us-en/insights/generative-ai.html]
[www.accenture.com/us-en/insights/metaverse.html]
[www.accenture.com/us-en/insights/supply-chain-operations/supply-chain-management-operations-index.html]
[www.accenture.com/us-en/insights/consulting/sustainability-index.html]
[www.accenture.com/us-en/insights/podcast-index.html]
[www.accenture.com/us-en/insights/blogs-index.html]
[www.accenture.com/us-en/services/technology/application-services.html]
[www.accenture.com/us-en/services/ai-artificial-intelligence-index.html]
[www.accenture.com/us-en/services/intelligent-automation-index.html]
[www.accenture.com/us-en/services/business-process-outsourcing-index.html]
[www.accenture.com/us-en/about/strategy-index.html]
[www.accenture.com/us-en/services/talent-organization-human-potential-index.html]
[www.accenture.com/us-en/cloud/services-index.html]
[www.accenture.com/us-en/about/song-company-index.html]
[www.accenture.com/us-en/services/data-analytics-index.html]
[www.accenture.com/us-en/services/song/commerce-transformation.html]
[www.accenture.com/us-en/services/digital-engineering-manufacturing-index.html]
[www.accenture.com/us-en/services/technology/enterprise-industry-technologies.html]
[www.accenture.com/us-en/services/cfo-and-enterprise-value-index.html]
[www.accenture.com/us-en/cloud/services/infrastructure-index.html]
[www.accenture.com/us-en/services/song/marketing-transformation.html]
[www.accenture.com/us-en/services/mergers-acquisitions-index.html]
[www.accenture.com/us-en/services/metaverse-index.html]
[www.accenture.com/us-en/services/talent-organization/future-organization.html]
[www.accenture.com/us-en/services/security-index.html]
[www.accenture.com/us-en/services/supply-chain-management-and-operations-index.html]
[www.accenture.com/us-en/services/sustainability-index.html]
[www.accenture.com/us-en/services/consulting/technology-consulting.html]
[www.accenture.com/us-en/services/technology-innovation-index.html]
[www.accenture.com/us-en/services/zero-based-budgeting-index.html]
[www.accenture.com/us-en/industries/aerospace-defense-index.html]
[www.accenture.com/us-en/industries/automotive-index.html]
[www.accenture.com/us-en/industries/banking-index.html]
[www.accenture.com/us-en/industries/capital-markets-index.html]
[www.accenture.com/us-en/industries/chemicals-index.html]
[www.accenture.com/us-en/industries/communications-and-media-index.html]
[www.accenture.com/us-en/industries/consumer-goods-and-services-index.html]
[www.accenture.com/us-en/industries/energy-index.html]
[www.accenture.com/us-en/industries/health-index.html]
[www.accenture.com/us-en/industries/high-tech-index.html]
[www.accenture.com/us-en/industries/industrial-equipment-index.html]
[www.accenture.com/us-en/industries/insurance-index.html]
[www.accenture.com/us-en/industries/life-sciences-index.html]
[www.accenture.com/us-en/industries/natural-resources-index.html]
[www.accenture.com/gb-en/industries/public-service-index.html]
[www.accenture.com/us-en/industries/retail-index.html]
[www.accenture.com/us-en/industries/software-and-platforms-index.html]
[www.accenture.com/us-en/industries/travel-index.html]
[www.accenture.com/us-en/industries/afs-index.html]
[www.accenture.com/us-en/industries/utilities-index.html]
[www.accenture.com/us-en/careers.html]
[www.accenture.com/us-en/careers/jobsearch.html]
[www.accenture.com/us-en/careers/life-at-accenture/leadership-careers.html]
[www.accenture.com/us-en/careers/life-at-accenture/experienced.html]
[www.accenture.com/us-en/careers/life-at-accenture/entry-level.html]
[www.accenture.com/us-en/careers/local/military-veterans.html]
[www.accenture.com/us-en/careers/life-at-accenture/training-counseling.html]
[www.accenture.com/us-en/careers/explore-careers/area-of-interest/journey-to-accenture.html]
[www.accenture.com/us-en/careers/local/total-rewards.html]
[www.accenture.com/us-en/careers/explore-careers/areas-of-interest/areas-expertise.html]
[www.accenture.com/us-en/careers/explore-careers/area-of-interest/consulting-careers.html]
[www.accenture.com/us-en/careers/explore-careers/area-of-interest/corporate-functions-careers.html]
[www.accenture.com/us-en/careers/explore-careers/area-of-interest/song-careers.html]
[www.accenture.com/us-en/careers/explore-careers/area-of-interest/industryx-careers.html]
[www.accenture.com/us-en/careers/explore-careers/area-of-interest/operations-careers.html]
[www.accenture.com/us-en/careers/explore-careers/area-of-interest/strategy-careers.html]
[www.accenture.com/us-en/careers/explore-careers/area-of-interest/metaverse-careers.html]
[www.accenture.com/us-en/careers/explore-careers/area-of-interest/technology-careers.html]
[www.accenture.com/us-en/careers/explore-careers/area-of-interest/ai-and-analytics-careers.html]
[www.accenture.com/us-en/careers/explore-careers/area-of-interest/cloud-careers.html]
[www.accenture.com/us-en/careers/explore-careers/area-of-interest/cybersecurity-careers.html]
[www.accenture.com/us-en/careers/local/federal-careers.html]
[www.accenture.com/us-en/careers/explore-careers/area-of-interest/sap-careers.html]
[www.accenture.com/us-en/careers/explore-careers/area-of-interest/salesforce-careers.html]
[www.accenture.com/us-en/about/leadership/leadership-index.html]
[www.accenture.com/us-en/about/company/all-stories.html]
[www.accenture.com/us-en/about/inclusion-diversity-index.html]
[www.accenture.com/us-en/about/sustainability/sustainability-value-promise.html]
[www.accenture.com/us-en/about/consulting-index.html]
[www.accenture.com/us-en/about/accenture-song-index.html]
[www.accenture.com/us-en/about/technology-index.html]
[www.accenture.com/us-en/about/operations-index.html]
[www.accenture.com/us-en/about/industry-x-index.html]
[www.accenture.com/us-en/about/company/united-states.html]
[www.accenture.com/us-en/about/company-index.html]
[www.accenture.com/us-en/about/inclusion-diversity/us-workforce.html]
[www.accenture.com/us-en/about/contact-us.html]
[www.accenture.com/us-en/about/location-index.html]
[www.accenture.com/us-en/search/ai-search.html]
[www.accenture.com/ar-es.html]
[www.accenture.com/au-en.html]
[www.accenture.com/at-de.html]
[www.accenture.com/be-en.html]
[www.accenture.com/br-pt.html]
[www.accenture.com/bg-en.html]
[www.accenture.com/ca-fr.html]
[www.accenture.com/ca-en.html]
[www.accenture.com/cl-es.html]
[www.accenture.com/hk-en.html]
[www.accenture.com/cn-en.html]
[www.accenture.com/co-es.html]
[www.accenture.com/cr-en.html]
[www.accenture.com/cz-en.html]
[www.accenture.com/dk-en.html]
[www.accenture.com/fi-en.html]
[www.accenture.com/fr-fr.html]
[www.accenture.com/de-de.html]
[www.accenture.com/gr-en.html]
[www.accenture.com/hu-en.html]
[www.accenture.com/in-en.html]
[www.accenture.com/id-en.html]
[www.accenture.com/ie-en.html]
[www.accenture.com/il-en.html]
[www.accenture.com/it-it.html]
[www.accenture.com/jp-ja.html]
[www.accenture.com/lv-en.html]
[www.accenture.com/lu-en.html]
[www.accenture.com/my-en.html]
[www.accenture.com/mu-en.html]
[www.accenture.com/mx-es.html]
[www.accenture.com/ma-en.html]
[www.accenture.com/nl-en.html]
[www.accenture.com/nz-en.html]
[www.accenture.com/no-en.html]
[www.accenture.com/ph-en.html]
[www.accenture.com/pl-pl.html]
[www.accenture.com/pt-pt.html]
[www.accenture.com/ro-en.html]
[www.accenture.com/sa-en.html]
[www.accenture.com/sg-en.html]
[www.accenture.com/sk-en.html]
[www.accenture.com/za-en.html]
[www.accenture.com/es-es.html]
[www.accenture.com/se-en.html]
[www.accenture.com/ch-en.html]
[www.accenture.com/th-en.html]
[www.accenture.com/ae-en.html]
[www.accenture.com/gb-en.html]
[www.accenture.com/us-en/insights/consulting/total-enterprise-reinvention.html]
[www.accenture.com/us-en/insights/song/accenture-life-trends.html]
[www.accenture.com/us-en/insights/industry-x/engineering-supply-production-resiliency.html]
[www.accenture.com/us-en/about/events/cop28.html]
[www.accenture.com/us-en/services/consulting/catalyst-women-on-the-frontline.html]
[www.accenture.com/us-en/insights/cloud/modern-network.html]
[www.accenture.com/us-en/insights/strategy/reinvent-productivity.html]
[www.accenture.com/us-en/insights/security/cyber-resilient-ceo.html]
[www.accenture.com/us-en/case-studies/travel/hr-transformation.html]
[www.accenture.com/us-en/case-studies/strategy/helping-ikea-build-better-workplace.html]
[www.accenture.com/us-en/case-studies/artificial-intelligence/reimagining-saudi-arabia-economy.html]
[www.accenture.com/us-en/case-studies/song/liberty-global-egg-electric-vehicle-charging.html]
[www.accenture.com/us-en/case-studiesnew/artificial-intelligence/creating-sense-belonging.html]
[www.accenture.com/us-en/insights/consumer-goods-services/mondelez-data-ai-transformation.html]
[www.accenture.com/us-en/services/applied-intelligence/generative-ai.html]
[www.accenture.com/us-en/announcement/qusecure-and-accenture-new-era-in-quantum-resiliency.html]
[www.accenture.com/content/dam/accenture/final/images/lottie/awards/Accenture_CardIllu_Anim_001_Timed_Alpha_violet.json_; filename_=UTF-8''Accenture_CardIllu_Anim_001_Timed_Alpha_violet.json]
[www.accenture.com/content/dam/accenture/final/images/lottie/awards/Accenture_CardIllu_Anim_002_Timed_Alpha_red.json_; filename_=UTF-8''Accenture_CardIllu_Anim_002_Timed_Alpha_red.json]
[www.accenture.com/content/dam/accenture/final/images/lottie/awards/Accenture_CardIllu_Anim_003_Timed_Alpha_blue.json_; filename_=UTF-8''Accenture_CardIllu_Anim_003_Timed_Alpha_blue.json]
[www.accenture.com/us-en/about/site-map.html]
[www.accenture.com/us-en/about/privacy-policy.html]
[www.accenture.com/us-en/support/terms-of-use.html]
[www.accenture.com/us-en/support/company-cookies-similar-technology.html]
[www.accenture.com/us-en/support/accessibility-statement.html]
[www.accenture.com/us-en/form-do-not-sell-my-personal-information.html]
[www.accenture.com/etc.clientlibs/cio-sites/clientlibs/clientlib-rad.lc-e8bee6a47d29b6550a1a2331d6ef4e53-lc.min.js]
[www.accenture.com/etc.clientlibs/cio-sites/clientlibs/clientlib-rad-base.lc-e3ee80d8770b608fce0f7e6dd2232209-lc.min.js]
[www.accenture.com/content/dam/system-files/acom/custom-code/change-more/js/accenture-RAD-template-quick-fix.js_; filename_=UTF-8''accenture-RAD-template-quick-fix.js]
[www.accenture.com/us-en.html]
[www.accenture.com/apps/cio-sites/clientlibs/onetrust/ot-s/scripttemplates/otSDKStub.html]
[www.accenture.com/apps/cio-sites/clientlibs/onetrust/ot-p/scripttemplates/otSDKStub.html]
[www.accenture.com/etc.clientlibs/cio-sites/clientlibs/clientlib-base.lc-99e6138fc3579fe6a02605a8fc47cd6b-lc.min.css]
[www.accenture.com/etc.clientlibs/cio-sites/clientlibs/clientlib-rad.lc-26a0ab6a2e01b6bb60030b9efbd78a79-lc.min.css]
[www.accenture.com/us-en/insights/voices.html]
[www.accenture.com/us-en/insights/5g-index.html]
[www.accenture.com/us-en/insights/artificial-intelligence-summary-index.html]
[www.accenture.com/us-en/insights/blockchain-index.html]
[www.accenture.com/us-en/insights/cloud-insights.html]
[www.accenture.com/us-en/insights/song/customer-experience-index.html]
[www.accenture.com/us-en/insights/cyber-security-index.html]
[www.accenture.com/us-en/insights/industry-x-index.html]
[www.accenture.com/us-en/insights/digital-transformation-index.html]
[www.accenture.com/us-en/insights/cloud/edge-computing-index.html]
[www.accenture.com/us-en/insightsnew/future-workforce-index.html]
[www.accenture.com/us-en/insights/generative-ai.html]
[www.accenture.com/us-en/insights/metaverse.html]
[www.accenture.com/us-en/insights/supply-chain-operations/supply-chain-management-operations-index.html]
[www.accenture.com/us-en/insights/consulting/sustainability-index.html]
[www.accenture.com/us-en/insights/podcast-index.html]
[www.accenture.com/us-en/insights/blogs-index.html]
[www.accenture.com/us-en/services/technology/application-services.html]
[www.accenture.com/us-en/services/ai-artificial-intelligence-index.html]
[www.accenture.com/us-en/services/intelligent-automation-index.html]
[www.accenture.com/us-en/services/business-process-outsourcing-index.html]
[www.accenture.com/us-en/about/strategy-index.html]
[www.accenture.com/us-en/services/talent-organization-human-potential-index.html]
[www.accenture.com/us-en/cloud/services-index.html]
[www.accenture.com/us-en/about/song-company-index.html]
[www.accenture.com/us-en/services/data-analytics-index.html]
[www.accenture.com/us-en/services/song/commerce-transformation.html]
[www.accenture.com/us-en/services/digital-engineering-manufacturing-index.html]
[www.accenture.com/us-en/services/technology/enterprise-industry-technologies.html]
[www.accenture.com/us-en/services/cfo-and-enterprise-value-index.html]
[www.accenture.com/us-en/cloud/services/infrastructure-index.html]
[www.accenture.com/us-en/services/song/marketing-transformation.html]
[www.accenture.com/us-en/services/mergers-acquisitions-index.html]
[www.accenture.com/us-en/services/metaverse-index.html]
[www.accenture.com/us-en/services/talent-organization/future-organization.html]
[www.accenture.com/us-en/services/security-index.html]
[www.accenture.com/us-en/services/supply-chain-management-and-operations-index.html]
[www.accenture.com/us-en/services/sustainability-index.html]
[www.accenture.com/us-en/services/consulting/technology-consulting.html]
[www.accenture.com/us-en/services/technology-innovation-index.html]
[www.accenture.com/us-en/services/zero-based-budgeting-index.html]
[www.accenture.com/us-en/industries/aerospace-defense-index.html]
[www.accenture.com/us-en/industries/automotive-index.html]
[www.accenture.com/us-en/industries/banking-index.html]
[www.accenture.com/us-en/industries/capital-markets-index.html]
[www.accenture.com/us-en/industries/chemicals-index.html]
[www.accenture.com/us-en/industries/communications-and-media-index.html]
[www.accenture.com/us-en/industries/consumer-goods-and-services-index.html]
[www.accenture.com/us-en/industries/energy-index.html]
[www.accenture.com/us-en/industries/health-index.html]
[www.accenture.com/us-en/industries/high-tech-index.html]
[www.accenture.com/us-en/industries/industrial-equipment-index.html]
[www.accenture.com/us-en/industries/insurance-index.html]
[www.accenture.com/us-en/industries/life-sciences-index.html]
[www.accenture.com/us-en/industries/natural-resources-index.html]
[www.accenture.com/gb-en/industries/public-service-index.html]
[www.accenture.com/us-en/industries/retail-index.html]
[www.accenture.com/us-en/industries/software-and-platforms-index.html]
[www.accenture.com/us-en/industries/travel-index.html]
[www.accenture.com/us-en/industries/afs-index.html]
[www.accenture.com/us-en/industries/utilities-index.html]
[www.accenture.com/us-en/careers.html]
[www.accenture.com/us-en/careers/jobsearch.html]
[www.accenture.com/us-en/careers/life-at-accenture/leadership-careers.html]
[www.accenture.com/us-en/careers/life-at-accenture/experienced.html]
[www.accenture.com/us-en/careers/life-at-accenture/entry-level.html]
[www.accenture.com/us-en/careers/local/military-veterans.html]
[www.accenture.com/us-en/careers/life-at-accenture/training-counseling.html]
[www.accenture.com/us-en/careers/explore-careers/area-of-interest/journey-to-accenture.html]
[www.accenture.com/us-en/careers/local/total-rewards.html]
[www.accenture.com/us-en/careers/explore-careers/areas-of-interest/areas-expertise.html]
[www.accenture.com/us-en/careers/explore-careers/area-of-interest/consulting-careers.html]
[www.accenture.com/us-en/careers/explore-careers/area-of-interest/corporate-functions-careers.html]
[www.accenture.com/us-en/careers/explore-careers/area-of-interest/song-careers.html]
[www.accenture.com/us-en/careers/explore-careers/area-of-interest/industryx-careers.html]
[www.accenture.com/us-en/careers/explore-careers/area-of-interest/operations-careers.html]
[www.accenture.com/us-en/careers/explore-careers/area-of-interest/strategy-careers.html]
[www.accenture.com/us-en/careers/explore-careers/area-of-interest/metaverse-careers.html]
[www.accenture.com/us-en/careers/explore-careers/area-of-interest/technology-careers.html]
[www.accenture.com/us-en/careers/explore-careers/area-of-interest/ai-and-analytics-careers.html]
[www.accenture.com/us-en/careers/explore-careers/area-of-interest/cloud-careers.html]
[www.accenture.com/us-en/careers/explore-careers/area-of-interest/cybersecurity-careers.html]
[www.accenture.com/us-en/careers/local/federal-careers.html]
[www.accenture.com/us-en/careers/explore-careers/area-of-interest/sap-careers.html]
[www.accenture.com/us-en/careers/explore-careers/area-of-interest/salesforce-careers.html]
[www.accenture.com/us-en/about/company-index.html]
[www.accenture.com/us-en/about/leadership/leadership-index.html]
[www.accenture.com/us-en/about/company/all-stories.html]
[www.accenture.com/us-en/about/inclusion-diversity-index.html]
[www.accenture.com/us-en/about/sustainability/sustainability-value-promise.html]
[www.accenture.com/us-en/about/consulting-index.html]
[www.accenture.com/us-en/about/accenture-song-index.html]
[www.accenture.com/us-en/about/technology-index.html]
[www.accenture.com/us-en/about/operations-index.html]
[www.accenture.com/us-en/about/industry-x-index.html]
[www.accenture.com/us-en/about/company/united-states.html]
[www.accenture.com/us-en/about/inclusion-diversity/us-workforce.html]
[www.accenture.com/us-en/about/contact-us.html]
[www.accenture.com/us-en/about/location-index.html]
[www.accenture.com/us-en/search/ai-search.html]
[www.accenture.com/ar-es.html]
[www.accenture.com/au-en.html]
[www.accenture.com/at-de.html]
[www.accenture.com/be-en.html]
[www.accenture.com/br-pt.html]
[www.accenture.com/bg-en.html]
[www.accenture.com/ca-fr.html]
[www.accenture.com/ca-en.html]
[www.accenture.com/cl-es.html]
[www.accenture.com/hk-en.html]
[www.accenture.com/cn-en.html]
[www.accenture.com/co-es.html]
[www.accenture.com/cr-en.html]
[www.accenture.com/cz-en.html]
[www.accenture.com/dk-en.html]
[www.accenture.com/fi-en.html]
[www.accenture.com/fr-fr.html]
[www.accenture.com/de-de.html]
[www.accenture.com/gr-en.html]
[www.accenture.com/hu-en.html]
[www.accenture.com/in-en.html]
[www.accenture.com/id-en.html]
[www.accenture.com/ie-en.html]
[www.accenture.com/il-en.html]
[www.accenture.com/it-it.html]
[www.accenture.com/jp-ja.html]
[www.accenture.com/lv-en.html]
[www.accenture.com/lu-en.html]
[www.accenture.com/my-en.html]
[www.accenture.com/mu-en.html]
[www.accenture.com/mx-es.html]
[www.accenture.com/ma-en.html]
[www.accenture.com/nl-en.html]
[www.accenture.com/nz-en.html]
[www.accenture.com/no-en.html]
[www.accenture.com/ph-en.html]
[www.accenture.com/pl-pl.html]
[www.accenture.com/pt-pt.html]
[www.accenture.com/content/dam/system-files/acom/custom-code/change-more/js/accenture-change-more-quick-fix.js_; filename_=UTF-8''accenture-change-more-quick-fix.js]
[www.accenture.com/ro-en.html]
[www.accenture.com/sa-en.html]
[www.accenture.com/sg-en.html]
[www.accenture.com/sk-en.html]
[www.accenture.com/za-en.html]
[www.accenture.com/es-es.html]
[www.accenture.com/se-en.html]
[www.accenture.com/ch-en.html]
[www.accenture.com/th-en.html]
[www.accenture.com/ae-en.html]
[www.accenture.com/gb-en.html]
[www.accenture.com/us-en/insights/consulting/total-enterprise-reinvention.html]
[www.accenture.com/us-en/insights/song/accenture-life-trends.html]
[www.accenture.com/us-en/insights/industry-x/engineering-supply-production-resiliency.html]
[www.accenture.com/us-en/about/events/cop28.html]
[www.accenture.com/us-en/services/consulting/catalyst-women-on-the-frontline.html]
[www.accenture.com/us-en/insights/cloud/modern-network.html]
[www.accenture.com/us-en/insights/strategy/reinvent-productivity.html]
[www.accenture.com/us-en/insights/security/cyber-resilient-ceo.html]
[www.accenture.com/us-en/case-studies/travel/hr-transformation.html]
[www.accenture.com/us-en/case-studies/strategy/helping-ikea-build-better-workplace.html]
[www.accenture.com/us-en/case-studies/artificial-intelligence/reimagining-saudi-arabia-economy.html]
[www.accenture.com/us-en/case-studies/song/liberty-global-egg-electric-vehicle-charging.html]
[www.accenture.com/us-en/case-studiesnew/artificial-intelligence/creating-sense-belonging.html]
[www.accenture.com/us-en/insights/consumer-goods-services/mondelez-data-ai-transformation.html]
[www.accenture.com/us-en/services/applied-intelligence/generative-ai.html]
[www.accenture.com/us-en/announcement/qusecure-and-accenture-new-era-in-quantum-resiliency.html]
[www.accenture.com/us-en/about/site-map.html]
[www.accenture.com/us-en/about/privacy-policy.html]
[www.accenture.com/us-en/support/terms-of-use.html]
[www.accenture.com/us-en/support/company-cookies-similar-technology.html]
[www.accenture.com/us-en/support/accessibility-statement.html]
[www.accenture.com/us-en/form-do-not-sell-my-personal-information.html]
